// Jest Snapshot v1, https://goo.gl/fbAQLP

exports[`Button Test clear theme 1`] = `
<button
  className="button clear size_m"
  type="button"
>
  TEST
</button>
`;
