// Jest Snapshot v1, https://goo.gl/fbAQLP

exports[`Text Test clear theme 1`] = `
<div
  className="textWrapper primary left size_m"
>
  <p
    className="text"
    data-testid="Text.Paragraph"
  >
    TEST
  </p>
</div>
`;
